Archive member included to satisfy reference by file (symbol)

d:/program files/microchip/xc8/v2.36/avr/bin/../lib/gcc/avr/5.4.0/avrxmega3/short-calls\libgcc.a(_copy_data.o)
                              main.o (__do_copy_data)
d:/program files/microchip/xc8/v2.36/avr/bin/../lib/gcc/avr/5.4.0/avrxmega3/short-calls\libgcc.a(_usmulhisi3.o)
                              main.o (__usmulhisi3)
d:/program files/microchip/xc8/v2.36/avr/bin/../lib/gcc/avr/5.4.0/avrxmega3/short-calls\libgcc.a(_umulhisi3.o)
                              d:/program files/microchip/xc8/v2.36/avr/bin/../lib/gcc/avr/5.4.0/avrxmega3/short-calls\libgcc.a(_usmulhisi3.o) (__umulhisi3)
d:/program files/microchip/xc8/v2.36/avr/bin/../lib/gcc/avr/5.4.0/../../../../avr/lib/avrxmega3/short-calls\libc.a(exit.o)
                              D:/Program Files (x86)/Atmel/Studio/7.0/Packs/atmel/ATtiny_DFP/1.8.332/xc8/avr/lib/avrxmega3/short-calls/crtattiny402.o (exit)
d:/program files/microchip/xc8/v2.36/avr/bin/../lib/gcc/avr/5.4.0/../../../../avr/lib/avrxmega3/short-calls\libc.a(_Exit.o)
                              d:/program files/microchip/xc8/v2.36/avr/bin/../lib/gcc/avr/5.4.0/../../../../avr/lib/avrxmega3/short-calls\libc.a(exit.o) (_Exit)
D:/Program Files (x86)/Atmel/Studio/7.0/Packs/atmel/ATtiny_DFP/1.8.332/xc8/avr/lib/avrxmega3/short-calls\libattiny402.a(ccp_write.o)
                              main.o (ccp_write_io)
d:/program files/microchip/xc8/v2.36/avr/bin/../lib/gcc/avr/5.4.0/avrxmega3/short-calls\libgcc.a(_exit.o)
                              d:/program files/microchip/xc8/v2.36/avr/bin/../lib/gcc/avr/5.4.0/../../../../avr/lib/avrxmega3/short-calls\libc.a(_Exit.o) (_exit)

Discarded input sections

 .data          0x0000000000000000        0x0 D:/Program Files (x86)/Atmel/Studio/7.0/Packs/atmel/ATtiny_DFP/1.8.332/xc8/avr/lib/avrxmega3/short-calls/crtattiny402.o
 .bss           0x0000000000000000        0x0 D:/Program Files (x86)/Atmel/Studio/7.0/Packs/atmel/ATtiny_DFP/1.8.332/xc8/avr/lib/avrxmega3/short-calls/crtattiny402.o
 .text          0x0000000000000000        0x0 main.o
 .data          0x0000000000000000        0x0 main.o
 .bss           0x0000000000000000        0x0 main.o
 .text          0x0000000000000000        0x0 song_idx.o
 .data          0x0000000000000000        0x0 song_idx.o
 .bss           0x0000000000000000        0x0 song_idx.o
 .text          0x0000000000000000        0x0 d:/program files/microchip/xc8/v2.36/avr/bin/../lib/gcc/avr/5.4.0/avrxmega3/short-calls\libgcc.a(_copy_data.o)
 .data          0x0000000000000000        0x0 d:/program files/microchip/xc8/v2.36/avr/bin/../lib/gcc/avr/5.4.0/avrxmega3/short-calls\libgcc.a(_copy_data.o)
 .bss           0x0000000000000000        0x0 d:/program files/microchip/xc8/v2.36/avr/bin/../lib/gcc/avr/5.4.0/avrxmega3/short-calls\libgcc.a(_copy_data.o)
 .text.libgcc.mul
                0x0000000000000000        0x0 d:/program files/microchip/xc8/v2.36/avr/bin/../lib/gcc/avr/5.4.0/avrxmega3/short-calls\libgcc.a(_copy_data.o)
 .text.libgcc.div
                0x0000000000000000        0x0 d:/program files/microchip/xc8/v2.36/avr/bin/../lib/gcc/avr/5.4.0/avrxmega3/short-calls\libgcc.a(_copy_data.o)
 .text.libgcc   0x0000000000000000        0x0 d:/program files/microchip/xc8/v2.36/avr/bin/../lib/gcc/avr/5.4.0/avrxmega3/short-calls\libgcc.a(_copy_data.o)
 .text.libgcc.prologue
                0x0000000000000000        0x0 d:/program files/microchip/xc8/v2.36/avr/bin/../lib/gcc/avr/5.4.0/avrxmega3/short-calls\libgcc.a(_copy_data.o)
 .text.libgcc.builtins
                0x0000000000000000        0x0 d:/program files/microchip/xc8/v2.36/avr/bin/../lib/gcc/avr/5.4.0/avrxmega3/short-calls\libgcc.a(_copy_data.o)
 .text.libgcc.fmul
                0x0000000000000000        0x0 d:/program files/microchip/xc8/v2.36/avr/bin/../lib/gcc/avr/5.4.0/avrxmega3/short-calls\libgcc.a(_copy_data.o)
 .text.libgcc.fixed
                0x0000000000000000        0x0 d:/program files/microchip/xc8/v2.36/avr/bin/../lib/gcc/avr/5.4.0/avrxmega3/short-calls\libgcc.a(_copy_data.o)
 .text          0x0000000000000000        0x0 d:/program files/microchip/xc8/v2.36/avr/bin/../lib/gcc/avr/5.4.0/avrxmega3/short-calls\libgcc.a(_usmulhisi3.o)
 .data          0x0000000000000000        0x0 d:/program files/microchip/xc8/v2.36/avr/bin/../lib/gcc/avr/5.4.0/avrxmega3/short-calls\libgcc.a(_usmulhisi3.o)
 .bss           0x0000000000000000        0x0 d:/program files/microchip/xc8/v2.36/avr/bin/../lib/gcc/avr/5.4.0/avrxmega3/short-calls\libgcc.a(_usmulhisi3.o)
 .stack.descriptors
                0x0000000000000000       0x39 d:/program files/microchip/xc8/v2.36/avr/bin/../lib/gcc/avr/5.4.0/avrxmega3/short-calls\libgcc.a(_usmulhisi3.o)
 .text.libgcc.div
                0x0000000000000000        0x0 d:/program files/microchip/xc8/v2.36/avr/bin/../lib/gcc/avr/5.4.0/avrxmega3/short-calls\libgcc.a(_usmulhisi3.o)
 .text.libgcc   0x0000000000000000        0x0 d:/program files/microchip/xc8/v2.36/avr/bin/../lib/gcc/avr/5.4.0/avrxmega3/short-calls\libgcc.a(_usmulhisi3.o)
 .text.libgcc.prologue
                0x0000000000000000        0x0 d:/program files/microchip/xc8/v2.36/avr/bin/../lib/gcc/avr/5.4.0/avrxmega3/short-calls\libgcc.a(_usmulhisi3.o)
 .text.libgcc.builtins
                0x0000000000000000        0x0 d:/program files/microchip/xc8/v2.36/avr/bin/../lib/gcc/avr/5.4.0/avrxmega3/short-calls\libgcc.a(_usmulhisi3.o)
 .text.libgcc.fmul
                0x0000000000000000        0x0 d:/program files/microchip/xc8/v2.36/avr/bin/../lib/gcc/avr/5.4.0/avrxmega3/short-calls\libgcc.a(_usmulhisi3.o)
 .text.libgcc.fixed
                0x0000000000000000        0x0 d:/program files/microchip/xc8/v2.36/avr/bin/../lib/gcc/avr/5.4.0/avrxmega3/short-calls\libgcc.a(_usmulhisi3.o)
 .text          0x0000000000000000        0x0 d:/program files/microchip/xc8/v2.36/avr/bin/../lib/gcc/avr/5.4.0/avrxmega3/short-calls\libgcc.a(_umulhisi3.o)
 .data          0x0000000000000000        0x0 d:/program files/microchip/xc8/v2.36/avr/bin/../lib/gcc/avr/5.4.0/avrxmega3/short-calls\libgcc.a(_umulhisi3.o)
 .bss           0x0000000000000000        0x0 d:/program files/microchip/xc8/v2.36/avr/bin/../lib/gcc/avr/5.4.0/avrxmega3/short-calls\libgcc.a(_umulhisi3.o)
 .stack.descriptors
                0x0000000000000000       0x19 d:/program files/microchip/xc8/v2.36/avr/bin/../lib/gcc/avr/5.4.0/avrxmega3/short-calls\libgcc.a(_umulhisi3.o)
 .text.libgcc.div
                0x0000000000000000        0x0 d:/program files/microchip/xc8/v2.36/avr/bin/../lib/gcc/avr/5.4.0/avrxmega3/short-calls\libgcc.a(_umulhisi3.o)
 .text.libgcc   0x0000000000000000        0x0 d:/program files/microchip/xc8/v2.36/avr/bin/../lib/gcc/avr/5.4.0/avrxmega3/short-calls\libgcc.a(_umulhisi3.o)
 .text.libgcc.prologue
                0x0000000000000000        0x0 d:/program files/microchip/xc8/v2.36/avr/bin/../lib/gcc/avr/5.4.0/avrxmega3/short-calls\libgcc.a(_umulhisi3.o)
 .text.libgcc.builtins
                0x0000000000000000        0x0 d:/program files/microchip/xc8/v2.36/avr/bin/../lib/gcc/avr/5.4.0/avrxmega3/short-calls\libgcc.a(_umulhisi3.o)
 .text.libgcc.fmul
                0x0000000000000000        0x0 d:/program files/microchip/xc8/v2.36/avr/bin/../lib/gcc/avr/5.4.0/avrxmega3/short-calls\libgcc.a(_umulhisi3.o)
 .text.libgcc.fixed
                0x0000000000000000        0x0 d:/program files/microchip/xc8/v2.36/avr/bin/../lib/gcc/avr/5.4.0/avrxmega3/short-calls\libgcc.a(_umulhisi3.o)
 .text          0x0000000000000000        0x0 d:/program files/microchip/xc8/v2.36/avr/bin/../lib/gcc/avr/5.4.0/../../../../avr/lib/avrxmega3/short-calls\libc.a(exit.o)
 .data          0x0000000000000000        0x0 d:/program files/microchip/xc8/v2.36/avr/bin/../lib/gcc/avr/5.4.0/../../../../avr/lib/avrxmega3/short-calls\libc.a(exit.o)
 .bss           0x0000000000000000        0x0 d:/program files/microchip/xc8/v2.36/avr/bin/../lib/gcc/avr/5.4.0/../../../../avr/lib/avrxmega3/short-calls\libc.a(exit.o)
 .text          0x0000000000000000        0x0 d:/program files/microchip/xc8/v2.36/avr/bin/../lib/gcc/avr/5.4.0/../../../../avr/lib/avrxmega3/short-calls\libc.a(_Exit.o)
 .data          0x0000000000000000        0x0 d:/program files/microchip/xc8/v2.36/avr/bin/../lib/gcc/avr/5.4.0/../../../../avr/lib/avrxmega3/short-calls\libc.a(_Exit.o)
 .bss           0x0000000000000000        0x0 d:/program files/microchip/xc8/v2.36/avr/bin/../lib/gcc/avr/5.4.0/../../../../avr/lib/avrxmega3/short-calls\libc.a(_Exit.o)
 .text          0x0000000000000000        0x0 D:/Program Files (x86)/Atmel/Studio/7.0/Packs/atmel/ATtiny_DFP/1.8.332/xc8/avr/lib/avrxmega3/short-calls\libattiny402.a(ccp_write.o)
 .data          0x0000000000000000        0x0 D:/Program Files (x86)/Atmel/Studio/7.0/Packs/atmel/ATtiny_DFP/1.8.332/xc8/avr/lib/avrxmega3/short-calls\libattiny402.a(ccp_write.o)
 .bss           0x0000000000000000        0x0 D:/Program Files (x86)/Atmel/Studio/7.0/Packs/atmel/ATtiny_DFP/1.8.332/xc8/avr/lib/avrxmega3/short-calls\libattiny402.a(ccp_write.o)
 .stack.descriptors
                0x0000000000000000       0x1a D:/Program Files (x86)/Atmel/Studio/7.0/Packs/atmel/ATtiny_DFP/1.8.332/xc8/avr/lib/avrxmega3/short-calls\libattiny402.a(ccp_write.o)
 .text          0x0000000000000000        0x0 d:/program files/microchip/xc8/v2.36/avr/bin/../lib/gcc/avr/5.4.0/avrxmega3/short-calls\libgcc.a(_exit.o)
 .data          0x0000000000000000        0x0 d:/program files/microchip/xc8/v2.36/avr/bin/../lib/gcc/avr/5.4.0/avrxmega3/short-calls\libgcc.a(_exit.o)
 .bss           0x0000000000000000        0x0 d:/program files/microchip/xc8/v2.36/avr/bin/../lib/gcc/avr/5.4.0/avrxmega3/short-calls\libgcc.a(_exit.o)
 .text.libgcc.mul
                0x0000000000000000        0x0 d:/program files/microchip/xc8/v2.36/avr/bin/../lib/gcc/avr/5.4.0/avrxmega3/short-calls\libgcc.a(_exit.o)
 .text.libgcc.div
                0x0000000000000000        0x0 d:/program files/microchip/xc8/v2.36/avr/bin/../lib/gcc/avr/5.4.0/avrxmega3/short-calls\libgcc.a(_exit.o)
 .text.libgcc   0x0000000000000000        0x0 d:/program files/microchip/xc8/v2.36/avr/bin/../lib/gcc/avr/5.4.0/avrxmega3/short-calls\libgcc.a(_exit.o)
 .text.libgcc.prologue
                0x0000000000000000        0x0 d:/program files/microchip/xc8/v2.36/avr/bin/../lib/gcc/avr/5.4.0/avrxmega3/short-calls\libgcc.a(_exit.o)
 .stack.descriptors
                0x0000000000000000       0x13 d:/program files/microchip/xc8/v2.36/avr/bin/../lib/gcc/avr/5.4.0/avrxmega3/short-calls\libgcc.a(_exit.o)
 .text.libgcc.builtins
                0x0000000000000000        0x0 d:/program files/microchip/xc8/v2.36/avr/bin/../lib/gcc/avr/5.4.0/avrxmega3/short-calls\libgcc.a(_exit.o)
 .text.libgcc.fmul
                0x0000000000000000        0x0 d:/program files/microchip/xc8/v2.36/avr/bin/../lib/gcc/avr/5.4.0/avrxmega3/short-calls\libgcc.a(_exit.o)
 .text.libgcc.fixed
                0x0000000000000000        0x0 d:/program files/microchip/xc8/v2.36/avr/bin/../lib/gcc/avr/5.4.0/avrxmega3/short-calls\libgcc.a(_exit.o)

Memory Configuration

Name             Origin             Length             Attributes
text             0x0000000000000000 0x0000000000001000 xr
data             0x0000000000803f00 0x0000000000000100 rw !x
eeprom           0x0000000000810000 0x0000000000000080 rw !x
fuse             0x0000000000820000 0x000000000000000a rw !x
lock             0x0000000000830000 0x0000000000000400 rw !x
signature        0x0000000000840000 0x0000000000000400 rw !x
user_signatures  0x0000000000850000 0x0000000000000400 rw !x
*default*        0x0000000000000000 0xffffffffffffffff

Linker script and memory map

Address of section .data set to 0x803f00
                0x0000000000008000                __RODATA_PM_OFFSET__ = 0x8000
LOAD D:/Program Files (x86)/Atmel/Studio/7.0/Packs/atmel/ATtiny_DFP/1.8.332/xc8/avr/lib/avrxmega3/short-calls/crtattiny402.o
LOAD main.o
LOAD song_idx.o
START GROUP
LOAD d:/program files/microchip/xc8/v2.36/avr/bin/../lib/gcc/avr/5.4.0/../../../../avr/lib/avrxmega3/short-calls\libm.a
END GROUP
START GROUP
LOAD d:/program files/microchip/xc8/v2.36/avr/bin/../lib/gcc/avr/5.4.0/avrxmega3/short-calls\libgcc.a
LOAD d:/program files/microchip/xc8/v2.36/avr/bin/../lib/gcc/avr/5.4.0/../../../../avr/lib/avrxmega3/short-calls\libm.a
LOAD d:/program files/microchip/xc8/v2.36/avr/bin/../lib/gcc/avr/5.4.0/../../../../avr/lib/avrxmega3/short-calls\libc.a
LOAD D:/Program Files (x86)/Atmel/Studio/7.0/Packs/atmel/ATtiny_DFP/1.8.332/xc8/avr/lib/avrxmega3/short-calls\libattiny402.a
END GROUP
                [0x0000000000000000]                __TEXT_REGION_ORIGIN__ = DEFINED (__TEXT_REGION_ORIGIN__)?__TEXT_REGION_ORIGIN__:0x0
                [0x0000000000803f00]                __DATA_REGION_ORIGIN__ = DEFINED (__DATA_REGION_ORIGIN__)?__DATA_REGION_ORIGIN__:0x802000
                [0x0000000000001000]                __TEXT_REGION_LENGTH__ = DEFINED (__TEXT_REGION_LENGTH__)?__TEXT_REGION_LENGTH__:0x100000
                [0x0000000000000100]                __DATA_REGION_LENGTH__ = DEFINED (__DATA_REGION_LENGTH__)?__DATA_REGION_LENGTH__:0xffa0
                [0x0000000000000080]                __EEPROM_REGION_LENGTH__ = DEFINED (__EEPROM_REGION_LENGTH__)?__EEPROM_REGION_LENGTH__:0x10000
                [0x000000000000000a]                __FUSE_REGION_LENGTH__ = DEFINED (__FUSE_REGION_LENGTH__)?__FUSE_REGION_LENGTH__:0x400
                0x0000000000000400                __LOCK_REGION_LENGTH__ = DEFINED (__LOCK_REGION_LENGTH__)?__LOCK_REGION_LENGTH__:0x400
                0x0000000000000400                __SIGNATURE_REGION_LENGTH__ = DEFINED (__SIGNATURE_REGION_LENGTH__)?__SIGNATURE_REGION_LENGTH__:0x400
                0x0000000000000400                __USER_SIGNATURE_REGION_LENGTH__ = DEFINED (__USER_SIGNATURE_REGION_LENGTH__)?__USER_SIGNATURE_REGION_LENGTH__:0x400
                0x0000000000008000                __RODATA_PM_OFFSET__ = DEFINED (__RODATA_PM_OFFSET__)?__RODATA_PM_OFFSET__:0x8000

.hash
 *(.hash)

.dynsym
 *(.dynsym)

.dynstr
 *(.dynstr)

.gnu.version
 *(.gnu.version)

.gnu.version_d
 *(.gnu.version_d)

.gnu.version_r
 *(.gnu.version_r)

.rel.init
 *(.rel.init)

.rela.init
 *(.rela.init)

.rel.text
 *(.rel.text)
 *(.rel.text.*)
 *(.rel.gnu.linkonce.t*)

.rela.text
 *(.rela.text)
 *(.rela.text.*)
 *(.rela.gnu.linkonce.t*)

.rel.fini
 *(.rel.fini)

.rela.fini
 *(.rela.fini)

.rel.rodata
 *(.rel.rodata)
 *(.rel.rodata.*)
 *(.rel.gnu.linkonce.r*)

.rela.rodata
 *(.rela.rodata)
 *(.rela.rodata.*)
 *(.rela.gnu.linkonce.r*)

.rel.data
 *(.rel.data)
 *(.rel.data.*)
 *(.rel.gnu.linkonce.d*)

.rela.data
 *(.rela.data)
 *(.rela.data.*)
 *(.rela.gnu.linkonce.d*)

.rel.ctors
 *(.rel.ctors)

.rela.ctors
 *(.rela.ctors)

.rel.dtors
 *(.rel.dtors)

.rela.dtors
 *(.rela.dtors)

.rel.got
 *(.rel.got)

.rela.got
 *(.rela.got)

.rel.bss
 *(.rel.bss)

.rela.bss
 *(.rela.bss)

.rel.plt
 *(.rel.plt)

.rela.plt
 *(.rela.plt)

.text           0x0000000000000000       0x8a
 *(.vectors)
 .vectors       0x0000000000000000       0x34 D:/Program Files (x86)/Atmel/Studio/7.0/Packs/atmel/ATtiny_DFP/1.8.332/xc8/avr/lib/avrxmega3/short-calls/crtattiny402.o
                0x0000000000000000                __vector_default
                0x0000000000000000                __vectors
 *(.vectors)
 *(.progmem.gcc*)
 *(.dinit)
 .dinit         0x0000000000000034        0x5 data_init
                0x000000000000003a                . = ALIGN (0x2)
 *fill*         0x0000000000000039        0x1 
                0x000000000000003a                __trampolines_start = .
 *(.trampolines)
 .trampolines   0x000000000000003a        0x0 linker stubs
 *(.trampolines*)
                0x000000000000003a                __trampolines_end = .
 *libprintf_flt.a:*(.progmem.data)
 *libc.a:*(.progmem.data)
                0x000000000000003a                . = ALIGN (0x2)
 *(.jumptables)
 *(.jumptables*)
 *(.lowtext)
 *(.lowtext*)
                0x000000000000003a                __ctors_start = .
 *(.ctors)
                0x000000000000003a                __ctors_end = .
                0x000000000000003a                __dtors_start = .
 *(.dtors)
                0x000000000000003a                __dtors_end = .
 SORT(*)(.ctors)
 SORT(*)(.dtors)
 *(.init0)
 .init0         0x000000000000003a        0x0 D:/Program Files (x86)/Atmel/Studio/7.0/Packs/atmel/ATtiny_DFP/1.8.332/xc8/avr/lib/avrxmega3/short-calls/crtattiny402.o
                0x000000000000003a                __init
 *(.init0)
 *(.init1)
 *(.init1)
 *(.init2)
 .init2         0x000000000000003a        0xc D:/Program Files (x86)/Atmel/Studio/7.0/Packs/atmel/ATtiny_DFP/1.8.332/xc8/avr/lib/avrxmega3/short-calls/crtattiny402.o
 *(.init2)
 *(.init3)
 *(.init3)
 *(.init4)
 .init4         0x0000000000000046       0x3c d:/program files/microchip/xc8/v2.36/avr/bin/../lib/gcc/avr/5.4.0/avrxmega3/short-calls\libgcc.a(_copy_data.o)
                0x0000000000000046                __do_copy_data
                0x0000000000000074                __do_clear_bss
 *(.init4)
 *(.init5)
 *(.init5)
 *(.init6)
 *(.init6)
 *(.init7)
 *(.init7)
 *(.init8)
 *(.init8)
 *(.init9)
 .init9         0x0000000000000082        0x4 D:/Program Files (x86)/Atmel/Studio/7.0/Packs/atmel/ATtiny_DFP/1.8.332/xc8/avr/lib/avrxmega3/short-calls/crtattiny402.o
 *(.init9)
                0x0000000000000086                . = ALIGN (0x2)
 *(.fini9)
 .fini9         0x0000000000000086        0x0 d:/program files/microchip/xc8/v2.36/avr/bin/../lib/gcc/avr/5.4.0/avrxmega3/short-calls\libgcc.a(_exit.o)
                0x0000000000000086                _exit
 *(.fini9)
 *(.fini8)
 *(.fini8)
 *(.fini7)
 *(.fini7)
 *(.fini6)
 *(.fini6)
 *(.fini5)
 *(.fini5)
 *(.fini4)
 *(.fini4)
 *(.fini3)
 *(.fini3)
 *(.fini2)
 *(.fini2)
 *(.fini1)
 *(.fini1)
 *(.fini0)
 .fini0         0x0000000000000086        0x4 d:/program files/microchip/xc8/v2.36/avr/bin/../lib/gcc/avr/5.4.0/avrxmega3/short-calls\libgcc.a(_exit.o)
 *(.fini0)
                0x000000000000008a                _etext = .

.data           0x0000000000803f00        0x0 load address 0x000000000000008a
                [!provide]                        PROVIDE (__data_start, .)
 *(.gnu.linkonce.d*)
                0x0000000000803f00                . = ALIGN (0x2)
                0x0000000000803f00                _edata = .
                [!provide]                        PROVIDE (__data_end, .)

.bss            0x0000000000803f00        0x0
                [!provide]                        PROVIDE (__bss_start, .)
 *(COMMON)
                [!provide]                        PROVIDE (__bss_end, .)
                0x000000000000008a                __data_load_start = LOADADDR (.data)
                0x000000000000008a                __data_load_end = (__data_load_start + SIZEOF (.data))

.noinit         0x0000000000803f00        0x0
                [!provide]                        PROVIDE (__noinit_start, .)
 *(.noinit*)
                [!provide]                        PROVIDE (__noinit_end, .)
                0x0000000000803f00                _end = .

.eeprom         0x0000000000810000        0x0
 *(.eeprom*)
                0x0000000000810000                __eeprom_end = .

.fuse
 *(.fuse)
 *(.lfuse)
 *(.hfuse)
 *(.efuse)

.lock
 *(.lock*)

.signature
 *(.signature*)

.user_signatures
 *(.user_signatures*)

.stab
 *(.stab)

.stabstr
 *(.stabstr)

.stab.excl
 *(.stab.excl)

.stab.exclstr
 *(.stab.exclstr)

.stab.index
 *(.stab.index)

.stab.indexstr
 *(.stab.indexstr)

.comment        0x0000000000000000       0x2f
 *(.comment)
 .comment       0x0000000000000000       0x2f main.o
                                         0x30 (size before relaxing)
 .comment       0x000000000000002f       0x30 d:/program files/microchip/xc8/v2.36/avr/bin/../lib/gcc/avr/5.4.0/../../../../avr/lib/avrxmega3/short-calls\libc.a(exit.o)
 .comment       0x000000000000002f       0x30 d:/program files/microchip/xc8/v2.36/avr/bin/../lib/gcc/avr/5.4.0/../../../../avr/lib/avrxmega3/short-calls\libc.a(_Exit.o)

.stack.descriptors.hdr
                0x0000000000000000       0x38
 .stack.descriptors.hdr
                0x0000000000000000        0xe d:/program files/microchip/xc8/v2.36/avr/bin/../lib/gcc/avr/5.4.0/avrxmega3/short-calls\libgcc.a(_usmulhisi3.o)
 .stack.descriptors.hdr
                0x000000000000000e        0xe d:/program files/microchip/xc8/v2.36/avr/bin/../lib/gcc/avr/5.4.0/avrxmega3/short-calls\libgcc.a(_umulhisi3.o)
 .stack.descriptors.hdr
                0x000000000000001c        0xe D:/Program Files (x86)/Atmel/Studio/7.0/Packs/atmel/ATtiny_DFP/1.8.332/xc8/avr/lib/avrxmega3/short-calls\libattiny402.a(ccp_write.o)
 .stack.descriptors.hdr
                0x000000000000002a        0xe d:/program files/microchip/xc8/v2.36/avr/bin/../lib/gcc/avr/5.4.0/avrxmega3/short-calls\libgcc.a(_exit.o)

.note.GNU-stack
                0x0000000000000000        0x0
 .note.GNU-stack
                0x0000000000000000        0x0 d:/program files/microchip/xc8/v2.36/avr/bin/../lib/gcc/avr/5.4.0/../../../../avr/lib/avrxmega3/short-calls\libc.a(exit.o)
 .note.GNU-stack
                0x0000000000000000        0x0 d:/program files/microchip/xc8/v2.36/avr/bin/../lib/gcc/avr/5.4.0/../../../../avr/lib/avrxmega3/short-calls\libc.a(_Exit.o)

.note.gnu.build-id
 *(.note.gnu.build-id)

.debug
 *(.debug)

.line
 *(.line)

.debug_srcinfo
 *(.debug_srcinfo)

.debug_sfnames
 *(.debug_sfnames)

.debug_aranges  0x0000000000000000       0xf0
 *(.debug_aranges)
 .debug_aranges
                0x0000000000000000       0xd0 main.o
 .debug_aranges
                0x00000000000000d0       0x20 D:/Program Files (x86)/Atmel/Studio/7.0/Packs/atmel/ATtiny_DFP/1.8.332/xc8/avr/lib/avrxmega3/short-calls\libattiny402.a(ccp_write.o)

.debug_pubnames
 *(.debug_pubnames)

.debug_info     0x0000000000000000     0x3066
 *(.debug_info .gnu.linkonce.wi.*)
 .debug_info    0x0000000000000000     0x11d6 D:/Program Files (x86)/Atmel/Studio/7.0/Packs/atmel/ATtiny_DFP/1.8.332/xc8/avr/lib/avrxmega3/short-calls/crtattiny402.o
 .debug_info    0x00000000000011d6     0x1de0 main.o
 .debug_info    0x0000000000002fb6       0xb0 D:/Program Files (x86)/Atmel/Studio/7.0/Packs/atmel/ATtiny_DFP/1.8.332/xc8/avr/lib/avrxmega3/short-calls\libattiny402.a(ccp_write.o)

.debug_abbrev   0x0000000000000000     0x144b
 *(.debug_abbrev)
 .debug_abbrev  0x0000000000000000     0x10de D:/Program Files (x86)/Atmel/Studio/7.0/Packs/atmel/ATtiny_DFP/1.8.332/xc8/avr/lib/avrxmega3/short-calls/crtattiny402.o
 .debug_abbrev  0x00000000000010de      0x359 main.o
 .debug_abbrev  0x0000000000001437       0x14 D:/Program Files (x86)/Atmel/Studio/7.0/Packs/atmel/ATtiny_DFP/1.8.332/xc8/avr/lib/avrxmega3/short-calls\libattiny402.a(ccp_write.o)

.debug_line     0x0000000000000000      0xa0b
 *(.debug_line .debug_line.* .debug_line_end)
 .debug_line    0x0000000000000000      0x136 D:/Program Files (x86)/Atmel/Studio/7.0/Packs/atmel/ATtiny_DFP/1.8.332/xc8/avr/lib/avrxmega3/short-calls/crtattiny402.o
 .debug_line    0x0000000000000136      0x86b main.o
 .debug_line    0x00000000000009a1       0x6a D:/Program Files (x86)/Atmel/Studio/7.0/Packs/atmel/ATtiny_DFP/1.8.332/xc8/avr/lib/avrxmega3/short-calls\libattiny402.a(ccp_write.o)

.debug_frame    0x0000000000000000      0x214
 *(.debug_frame)
 .debug_frame   0x0000000000000000      0x214 main.o

.debug_str      0x0000000000000000      0x81e
 *(.debug_str)
 .debug_str     0x0000000000000000      0x7a9 D:/Program Files (x86)/Atmel/Studio/7.0/Packs/atmel/ATtiny_DFP/1.8.332/xc8/avr/lib/avrxmega3/short-calls/crtattiny402.o
 .debug_str     0x00000000000007a9       0x75 main.o

.debug_loc      0x0000000000000000      0x4bd
 *(.debug_loc)
 .debug_loc     0x0000000000000000      0x4bd main.o

.debug_macinfo
 *(.debug_macinfo)

.debug_weaknames
 *(.debug_weaknames)

.debug_funcnames
 *(.debug_funcnames)

.debug_typenames
 *(.debug_typenames)

.debug_varnames
 *(.debug_varnames)

.debug_pubtypes
 *(.debug_pubtypes)

.debug_ranges   0x0000000000000000       0xc0
 *(.debug_ranges)
 .debug_ranges  0x0000000000000000       0xc0 main.o

.debug_macro
 *(.debug_macro)
OUTPUT(orgel_SW_402.elf elf32-avr)
LOAD linker stubs
LOAD data_init

.note.gnu.avr.deviceinfo
                0x0000000000000000       0x3c
 .note.gnu.avr.deviceinfo
                0x0000000000000000       0x3c D:/Program Files (x86)/Atmel/Studio/7.0/Packs/atmel/ATtiny_DFP/1.8.332/xc8/avr/lib/avrxmega3/short-calls/crtattiny402.o

.bss.sleep_tmr.3121
                0x0000000000803f3a        0x2
 .bss.sleep_tmr.3121
                0x0000000000803f3a        0x2 main.o

.bss.onseiS     0x0000000000803f3c        0x1
 .bss.onseiS    0x0000000000803f3c        0x1 main.o

.bss.sw_hst     0x0000000000803f3d        0x1
 .bss.sw_hst    0x0000000000803f3d        0x1 main.o

.bss.buf_read   0x0000000000803f3e        0x1
 .bss.buf_read  0x0000000000803f3e        0x1 main.o

.bss.buf_write  0x0000000000803f3f        0x1
 .bss.buf_write
                0x0000000000803f3f        0x1 main.o

.bss.buf        0x0000000000803f00       0x28
 .bss.buf       0x0000000000803f00       0x28 main.o

.bss.voiceS     0x0000000000803f28        0xe
 .bss.voiceS    0x0000000000803f28        0xe main.o

.bss.kyotuu     0x0000000000803f36        0x4
 .bss.kyotuu    0x0000000000803f36        0x4 main.o

.text.main      0x000000000000008a       0xaa
 .text.main     0x000000000000008a       0xaa main.o
                0x000000000000008a                main

.text.VOICES_SEL
                0x0000000000000134       0xa8
 .text.VOICES_SEL
                0x0000000000000134       0xa8 main.o

.text.CB_INIT   0x00000000000001dc       0xa0
 .text.CB_INIT  0x00000000000001dc       0xa0 main.o

.text.sw_read   0x000000000000027c       0x9e
 .text.sw_read  0x000000000000027c       0x9e main.o

.text.voiceS_exe
                0x000000000000031a       0x7e
 .text.voiceS_exe
                0x000000000000031a       0x7e main.o

.text.CB_KOYUU  0x0000000000000398       0x72
 .text.CB_KOYUU
                0x0000000000000398       0x72 main.o

.text.__vector_8
                0x000000000000040a       0x70
 .text.__vector_8
                0x000000000000040a       0x70 main.o
                0x000000000000040a                __vector_8

.text.spi_trans
                0x000000000000047a       0x64
 .text.spi_trans
                0x000000000000047a       0x64 main.o

.text.apl_sleep
                0x00000000000004de       0x32
 .text.apl_sleep
                0x00000000000004de       0x32 main.o

.text.put_buf   0x0000000000000510       0x2e
 .text.put_buf  0x0000000000000510       0x2e main.o

.text.wait_us   0x000000000000053e       0x2a
 .text.wait_us  0x000000000000053e       0x2a main.o
                0x000000000000053e                wait_us

.text.dev_pwm_stop
                0x0000000000000568       0x26
 .text.dev_pwm_stop
                0x0000000000000568       0x26 main.o

.text.dev_pwm_start
                0x000000000000058e       0x24
 .text.dev_pwm_start
                0x000000000000058e       0x24 main.o

.text.__vector_7
                0x00000000000005b2       0x1e
 .text.__vector_7
                0x00000000000005b2       0x1e main.o
                0x00000000000005b2                __vector_7

.text.__vector_3
                0x00000000000005d0       0x1e
 .text.__vector_3
                0x00000000000005d0       0x1e main.o
                0x00000000000005d0                __vector_3

.text.wait_ms   0x00000000000005ee       0x1c
 .text.wait_ms  0x00000000000005ee       0x1c main.o

.rodata.voiceS_idx
                0x000000000080860a       0x1b load address 0x000000000000060a
 .rodata.voiceS_idx
                0x000000000080860a       0x1b main.o

.text.W25_PWR_DOWN
                0x0000000000000626       0x1a
 .text.W25_PWR_DOWN
                0x0000000000000626       0x1a main.o

.text.W25_PWR_UP
                0x0000000000000640       0x18
 .text.W25_PWR_UP
                0x0000000000000640       0x18 main.o

.text.libgcc.mul
                0x0000000000000658       0x18
 .text.libgcc.mul
                0x0000000000000658       0x18 d:/program files/microchip/xc8/v2.36/avr/bin/../lib/gcc/avr/5.4.0/avrxmega3/short-calls\libgcc.a(_umulhisi3.o)
                0x0000000000000658                __umulhisi3

.text.apl_init  0x0000000000000670       0x10
 .text.apl_init
                0x0000000000000670       0x10 main.o

.text.pwm_wait  0x0000000000000680       0x10
 .text.pwm_wait
                0x0000000000000680       0x10 main.o
                0x0000000000000680                pwm_wait

.text.exit      0x0000000000000690        0xe
 .text.exit     0x0000000000000690        0xe d:/program files/microchip/xc8/v2.36/avr/bin/../lib/gcc/avr/5.4.0/../../../../avr/lib/avrxmega3/short-calls\libc.a(exit.o)
                0x0000000000000690                exit

.text.libgcc.mul
                0x000000000000069e        0xc
 .text.libgcc.mul
                0x000000000000069e        0xc d:/program files/microchip/xc8/v2.36/avr/bin/../lib/gcc/avr/5.4.0/avrxmega3/short-calls\libgcc.a(_usmulhisi3.o)
                0x000000000000069e                __usmulhisi3
                0x00000000000006a0                __usmulhisi3_tail

.text.avrlibc   0x00000000000006aa        0xc
 .text.avrlibc  0x00000000000006aa        0xc D:/Program Files (x86)/Atmel/Studio/7.0/Packs/atmel/ATtiny_DFP/1.8.332/xc8/avr/lib/avrxmega3/short-calls\libattiny402.a(ccp_write.o)
                0x00000000000006aa                ccp_write_io

.text.spi_reset
                0x00000000000006b6        0x8
 .text.spi_reset
                0x00000000000006b6        0x8 main.o

.text.CB_VOICES_END
                0x00000000000006be        0x8
 .text.CB_VOICES_END
                0x00000000000006be        0x8 main.o

.text.wait_1us  0x00000000000006c6        0x4
 .text.wait_1us
                0x00000000000006c6        0x4 main.o

.rodata.sw_cnf  0x00000000008086ca        0x4 load address 0x00000000000006ca
 .rodata.sw_cnf
                0x00000000008086ca        0x4 main.o

.text           0x00000000000006ce        0x2
 .text          0x00000000000006ce        0x2 D:/Program Files (x86)/Atmel/Studio/7.0/Packs/atmel/ATtiny_DFP/1.8.332/xc8/avr/lib/avrxmega3/short-calls/crtattiny402.o
                0x00000000000006ce                __vector_22
                0x00000000000006ce                __vector_1
                0x00000000000006ce                __vector_24
                0x00000000000006ce                __vector_12
                0x00000000000006ce                __bad_interrupt
                0x00000000000006ce                __vector_6
                0x00000000000006ce                __vector_23
                0x00000000000006ce                __vector_25
                0x00000000000006ce                __vector_11
                0x00000000000006ce                __vector_13
                0x00000000000006ce                __vector_17
                0x00000000000006ce                __vector_19
                0x00000000000006ce                __vector_5
                0x00000000000006ce                __vector_4
                0x00000000000006ce                __vector_9
                0x00000000000006ce                __vector_2
                0x00000000000006ce                __vector_21
                0x00000000000006ce                __vector_15
                0x00000000000006ce                __vector_14
                0x00000000000006ce                __vector_10
                0x00000000000006ce                __vector_16
                0x00000000000006ce                __vector_18
                0x00000000000006ce                __vector_20

.text.__dummy_fini
                0x00000000000006d0        0x2
 .text.__dummy_fini
                0x00000000000006d0        0x2 d:/program files/microchip/xc8/v2.36/avr/bin/../lib/gcc/avr/5.4.0/../../../../avr/lib/avrxmega3/short-calls\libc.a(exit.o)
                0x00000000000006d0                _fini

.text.__dummy_funcs_on_exit
                0x00000000000006d2        0x2
 .text.__dummy_funcs_on_exit
                0x00000000000006d2        0x2 d:/program files/microchip/xc8/v2.36/avr/bin/../lib/gcc/avr/5.4.0/../../../../avr/lib/avrxmega3/short-calls\libc.a(exit.o)
                0x00000000000006d2                __funcs_on_exit

.text.__dummy_simulator_exit
                0x00000000000006d4        0x2
 .text.__dummy_simulator_exit
                0x00000000000006d4        0x2 d:/program files/microchip/xc8/v2.36/avr/bin/../lib/gcc/avr/5.4.0/../../../../avr/lib/avrxmega3/short-calls\libc.a(exit.o)
                0x00000000000006d4                __simulator_exit

.text._Exit     0x00000000000006d6        0x2
 .text._Exit    0x00000000000006d6        0x2 d:/program files/microchip/xc8/v2.36/avr/bin/../lib/gcc/avr/5.4.0/../../../../avr/lib/avrxmega3/short-calls\libc.a(_Exit.o)
                0x00000000000006d6                _Exit
